// Jest Snapshot v1, https://goo.gl/fbAQLP

exports[`MyComponent should render correctly in "debug" mode 1`] = `
<div
  className="App"
>
  <Table
    matrix={
      Array [
        Array [
          0,
          1,
          2,
          3,
          4,
        ],
        Array [
          0,
          1,
          2,
          3,
          4,
        ],
        Array [
          0,
          1,
          2,
          3,
          4,
        ],
        Array [
          0,
          1,
          2,
          3,
          4,
        ],
        Array [
          0,
          1,
          2,
          3,
          4,
        ],
      ]
    }
  />
</div>
`;
