// Jest Snapshot v1, https://goo.gl/fbAQLP

exports[`Table component should render table component 1`] = `
<div
  className="grid-container"
/>
`;
